// Jest Snapshot v1, https://goo.gl/fbAQLP

exports[`src/app.re renders 1`] = `
<div
  className="app"
>
  <div
    className="appHeader"
  >
    <div
      onClick={[Function]}
      style={
        Object {
          "backgroundColor": "#db4d3f",
          "cursor": "pointer",
          "display": "flex",
          "width": "200px",
        }
      }
    >
      <img
        className="appLogo"
        src="test-file-stub"
      />
    </div>
    <h2
      style={
        Object {
          "fontSize": "2em",
          "marginLeft": "30px",
        }
      }
    >
      Foo Title
    </h2>
  </div>
  <p
    className="appIntro"
  >
    To get started, edit 
    <code>
      src/app.re
    </code>
     and save to reload.
  </p>
</div>
`;
